[0.008s][info][gc] Using Parallel
[1.014s][info][gc] GC(0) Pause Young (Allocation Failure) 3M->1M(11M) 2.388ms
[3.058s][info][gc] GC(1) Pause Young (Allocation Failure) 4M->2M(11M) 1.856ms
[3.119s][info][gc] GC(2) Pause Young (Allocation Failure) 5M->3M(11M) 1.955ms
[3.162s][info][gc] GC(3) Pause Young (Allocation Failure) 6M->4M(11M) 2.709ms
[3.186s][info][gc] GC(4) Pause Young (Allocation Failure) 7M->4M(11M) 1.487ms
[3.359s][info][gc] GC(5) Pause Young (Allocation Failure) 7M->5M(10M) 2.962ms
[3.465s][info][gc] GC(6) Pause Young (Allocation Failure) 7M->5M(11M) 2.427ms
[8.525s][info][gc] GC(7) Pause Young (Allocation Failure) 7M->5M(11M) 0.944ms
[24.528s][info][gc] GC(8) Pause Young (Allocation Failure) 7M->5M(11M) 1.031ms
[41.530s][info][gc] GC(9) Pause Young (Allocation Failure) 7M->5M(11M) 0.959ms
[58.536s][info][gc] GC(10) Pause Young (Allocation Failure) 7M->5M(11M) 0.438ms
[75.556s][info][gc] GC(11) Pause Young (Allocation Failure) 7M->5M(11M) 0.312ms
[92.561s][info][gc] GC(12) Pause Young (Allocation Failure) 7M->5M(11M) 0.229ms
[101.568s][info][gc] GC(13) Pause Young (Allocation Failure) 7M->6M(11M) 0.528ms
[101.583s][info][gc] GC(14) Pause Full (Ergonomics) 6M->4M(11M) 15.019ms
[119.576s][info][gc] GC(15) Pause Young (Allocation Failure) 6M->4M(11M) 0.347ms
[130.814s][info][gc] GC(16) Pause Young (Allocation Failure) 6M->4M(11M) 0.230ms
[130.816s][info][gc] GC(17) Pause Young (Allocation Failure) 6M->5M(11M) 0.244ms
[130.819s][info][gc] GC(18) Pause Young (Allocation Failure) 7M->5M(11M) 0.256ms
[130.832s][info][gc] GC(19) Pause Young (Allocation Failure) 7M->6M(11M) 0.198ms
[130.847s][info][gc] GC(20) Pause Young (Allocation Failure) 8M->6M(11M) 0.166ms
[130.850s][info][gc] GC(21) Pause Young (Allocation Failure) 8M->6M(11M) 0.199ms
[130.852s][info][gc] GC(22) Pause Young (Allocation Failure) 8M->6M(11M) 0.128ms
[130.855s][info][gc] GC(23) Pause Young (Allocation Failure) 7M->6M(11M) 0.125ms
[130.858s][info][gc] GC(24) Pause Young (Allocation Failure) 8M->6M(11M) 0.135ms
[130.860s][info][gc] GC(25) Pause Young (Allocation Failure) 8M->6M(11M) 0.137ms
[130.863s][info][gc] GC(26) Pause Young (Allocation Failure) 8M->6M(11M) 0.130ms
[130.866s][info][gc] GC(27) Pause Young (Allocation Failure) 8M->6M(11M) 0.133ms
[130.868s][info][gc] GC(28) Pause Young (Allocation Failure) 8M->7M(11M) 0.143ms
[130.871s][info][gc] GC(29) Pause Young (Allocation Failure) 9M->7M(11M) 0.140ms
[130.874s][info][gc] GC(30) Pause Young (Allocation Failure) 8M->7M(11M) 0.129ms
[139.586s][info][gc] GC(31) Pause Young (Allocation Failure) 9M->7M(11M) 0.227ms
[157.596s][info][gc] GC(32) Pause Young (Allocation Failure) 9M->7M(11M) 0.231ms
[175.606s][info][gc] GC(33) Pause Young (Allocation Failure) 9M->7M(11M) 0.240ms
[184.611s][info][gc] GC(34) Pause Young (Allocation Failure) 9M->8M(11M) 0.287ms
[202.565s][info][gc] GC(35) Pause Young (Allocation Failure) 10M->7M(11M) 0.198ms
[220.570s][info][gc] GC(36) Pause Young (Allocation Failure) 9M->7M(11M) 0.190ms
[229.572s][info][gc] GC(37) Pause Young (Allocation Failure) 9M->8M(11M) 0.302ms
[246.651s][info][gc] GC(38) Pause Young (Allocation Failure) 10M->10M(11M) 0.637ms
[246.663s][info][gc] GC(39) Pause Full (Ergonomics) 10M->5M(11M) 11.464ms
[262.658s][info][gc] GC(40) Pause Young (Allocation Failure) 7M->5M(11M) 0.315ms
[280.668s][info][gc] GC(41) Pause Young (Allocation Failure) 7M->5M(11M) 0.262ms
[298.674s][info][gc] GC(42) Pause Young (Allocation Failure) 7M->5M(11M) 0.214ms
[315.680s][info][gc] GC(43) Pause Young (Allocation Failure) 7M->5M(11M) 0.251ms
[333.690s][info][gc] GC(44) Pause Young (Allocation Failure) 7M->5M(11M) 0.233ms
[351.703s][info][gc] GC(45) Pause Young (Allocation Failure) 7M->5M(11M) 0.228ms
[369.714s][info][gc] GC(46) Pause Young (Allocation Failure) 7M->5M(11M) 0.227ms
[387.726s][info][gc] GC(47) Pause Young (Allocation Failure) 7M->5M(11M) 0.234ms
[405.634s][info][gc] GC(48) Pause Young (Allocation Failure) 7M->5M(11M) 0.297ms
[423.639s][info][gc] GC(49) Pause Young (Allocation Failure) 7M->5M(11M) 0.255ms
[441.646s][info][gc] GC(50) Pause Young (Allocation Failure) 7M->5M(11M) 0.211ms
[459.654s][info][gc] GC(51) Pause Young (Allocation Failure) 7M->6M(11M) 0.201ms
[477.660s][info][gc] GC(52) Pause Young (Allocation Failure) 8M->5M(11M) 0.195ms
