[0.013s][info][gc] Using The Z Garbage Collector
[0.200s][info][gc] GC(0) Garbage Collection (Warmup) 4M(17%)->4M(17%)
[6.703s][info][gc] GC(1) Garbage Collection (Warmup) 10M(42%)->6M(25%)
[6.815s][info][gc] GC(2) Garbage Collection (Warmup) 12M(50%)->10M(42%)
[6.905s][info][gc] GC(3) Garbage Collection (Allocation Rate) 12M(50%)->8M(33%)
[7.004s][info][gc] GC(4) Garbage Collection (Allocation Rate) 10M(42%)->8M(33%)
[7.102s][info][gc] GC(5) Garbage Collection (Allocation Rate) 10M(42%)->8M(33%)
[7.196s][info][gc] GC(6) Garbage Collection (Allocation Rate) 8M(33%)->8M(33%)
[7.305s][info][gc] GC(7) Garbage Collection (Allocation Rate) 10M(42%)->8M(33%)
[7.398s][info][gc] GC(8) Garbage Collection (Allocation Rate) 10M(42%)->8M(33%)
[7.507s][info][gc] GC(9) Garbage Collection (Allocation Rate) 10M(42%)->8M(33%)
[7.600s][info][gc] GC(10) Garbage Collection (Allocation Rate) 10M(42%)->8M(33%)
[10.202s][info][gc] GC(11) Garbage Collection (Proactive) 12M(50%)->8M(33%)
[17.202s][info][gc] GC(12) Garbage Collection (Proactive) 12M(50%)->8M(33%)
[19.308s][info][gc] GC(13) Garbage Collection (Proactive) 12M(50%)->10M(42%)
[28.198s][info][gc] GC(14) Garbage Collection (Proactive) 14M(58%)->10M(42%)
[28.947s][info][gc] Allocation Stall (main) 14.133ms
[28.950s][info][gc] GC(15) Garbage Collection (Allocation Stall) 24M(100%)->14M(58%)
[28.979s][info][gc] Allocation Stall (main) 14.902ms
[28.980s][info][gc] GC(16) Garbage Collection (Allocation Stall) 24M(100%)->14M(58%)
[29.001s][info][gc] GC(17) Garbage Collection (Allocation Rate) 18M(75%)->8M(33%)
[29.094s][info][gc] GC(18) Garbage Collection (Allocation Rate) 8M(33%)->8M(33%)
[29.204s][info][gc] GC(19) Garbage Collection (Allocation Rate) 10M(42%)->8M(33%)
[29.300s][info][gc] GC(20) Garbage Collection (Allocation Rate) 8M(33%)->8M(33%)
[29.393s][info][gc] GC(21) Garbage Collection (Allocation Rate) 8M(33%)->8M(33%)
[29.501s][info][gc] GC(22) Garbage Collection (Allocation Rate) 8M(33%)->8M(33%)
[29.594s][info][gc] GC(23) Garbage Collection (Allocation Rate) 8M(33%)->8M(33%)
[29.701s][info][gc] GC(24) Garbage Collection (Allocation Rate) 8M(33%)->8M(33%)
[30.202s][info][gc] GC(25) Garbage Collection (Allocation Rate) 10M(42%)->8M(33%)
[30.295s][info][gc] GC(26) Garbage Collection (Allocation Rate) 8M(33%)->8M(33%)
[30.405s][info][gc] GC(27) Garbage Collection (Allocation Rate) 8M(33%)->8M(33%)
[30.497s][info][gc] GC(28) Garbage Collection (Allocation Rate) 8M(33%)->8M(33%)
[30.605s][info][gc] GC(29) Garbage Collection (Allocation Rate) 8M(33%)->8M(33%)
[30.701s][info][gc] GC(30) Garbage Collection (Allocation Rate) 8M(33%)->8M(33%)
[39.202s][info][gc] GC(31) Garbage Collection (Proactive) 12M(50%)->8M(33%)
[41.494s][info][gc] GC(32) Garbage Collection (Proactive) 12M(50%)->12M(50%)
[64.207s][info][gc] GC(33) Garbage Collection (Proactive) 16M(67%)->8M(33%)
[68.808s][info][gc] GC(34) Garbage Collection (Proactive) 12M(50%)->12M(50%)
[92.202s][info][gc] GC(35) Garbage Collection (Proactive) 16M(67%)->12M(50%)
[116.303s][info][gc] GC(36) Garbage Collection (Proactive) 16M(67%)->12M(50%)
[144.295s][info][gc] GC(37) Garbage Collection (Proactive) 16M(67%)->12M(50%)
[172.304s][info][gc] GC(38) Garbage Collection (Proactive) 16M(67%)->12M(50%)
