[0.008s][info][gc] Using Serial
[3.120s][info][gc] GC(0) Pause Young (Allocation Failure) 4M->2M(15M) 4.568ms
[3.209s][info][gc] GC(1) Pause Young (Allocation Failure) 6M->2M(15M) 3.690ms
[3.273s][info][gc] GC(2) Pause Young (Allocation Failure) 7M->4M(15M) 3.818ms
[3.419s][info][gc] GC(3) Pause Young (Allocation Failure) 8M->4M(15M) 2.581ms
[5.599s][info][gc] GC(4) Pause Young (Allocation Failure) 8M->5M(15M) 3.568ms
[36.630s][info][gc] GC(5) Pause Young (Allocation Failure) 9M->5M(15M) 2.047ms
[44.215s][info][gc] GC(6) Pause Young (Allocation Failure) 9M->7M(15M) 3.733ms
[44.237s][info][gc] GC(7) Pause Young (Allocation Failure) 11M->9M(15M) 4.421ms
[44.251s][info][gc] GC(8) Pause Young (Allocation Failure) 14M->14M(15M) 0.040ms
[44.287s][info][gc] GC(9) Pause Full (Allocation Failure) 14M->8M(15M) 35.479ms
[44.308s][info][gc] GC(10) Pause Young (Allocation Failure) 12M->10M(15M) 5.031ms
[44.321s][info][gc] GC(11) Pause Young (Allocation Failure) 15M->15M(15M) 0.039ms
[44.342s][info][gc] GC(12) Pause Full (Allocation Failure) 15M->8M(15M) 21.243ms
[44.357s][info][gc] GC(13) Pause Young (Allocation Failure) 12M->10M(15M) 4.312ms
[47.608s][info][gc] GC(14) Pause Young (Allocation Failure) 14M->14M(15M) 0.052ms
[47.626s][info][gc] GC(15) Pause Full (Allocation Failure) 14M->7M(15M) 18.000ms
[83.622s][info][gc] GC(16) Pause Young (Allocation Failure) 11M->7M(15M) 1.176ms
[120.688s][info][gc] GC(17) Pause Young (Allocation Failure) 11M->7M(15M) 0.621ms
[121.351s][info][gc] GC(18) Pause Young (Allocation Failure) 11M->9M(15M) 3.460ms
[121.361s][info][gc] GC(19) Pause Young (Allocation Failure) 14M->14M(15M) 0.036ms
[121.384s][info][gc] GC(20) Pause Full (Allocation Failure) 14M->7M(15M) 22.911ms
[121.399s][info][gc] GC(21) Pause Young (Allocation Failure) 11M->9M(15M) 4.335ms
[121.409s][info][gc] GC(22) Pause Young (Allocation Failure) 14M->14M(15M) 0.033ms
[121.429s][info][gc] GC(23) Pause Full (Allocation Failure) 14M->7M(15M) 19.542ms
[121.440s][info][gc] GC(24) Pause Young (Allocation Failure) 12M->12M(15M) 0.039ms
[121.457s][info][gc] GC(25) Pause Full (Allocation Failure) 12M->6M(15M) 17.502ms
[121.468s][info][gc] GC(26) Pause Young (Allocation Failure) 11M->9M(15M) 4.112ms
[137.697s][info][gc] GC(27) Pause Young (Allocation Failure) 13M->13M(15M) 0.044ms
[137.715s][info][gc] GC(28) Pause Full (Allocation Failure) 13M->6M(15M) 17.678ms
[175.727s][info][gc] GC(29) Pause Young (Allocation Failure) 11M->7M(15M) 1.055ms
